args: ('normal item', -1, 0) => 'normal item -2 0'
args: ('normal item', -1, 1) => 'normal item -2 0'
args: ('normal item', -1, 49) => 'normal item -2 47'
args: ('normal item', -1, 50) => 'normal item -2 48'
args: ('normal item', 0, 0) => 'normal item -1 0'
args: ('normal item', 0, 1) => 'normal item -1 0'
args: ('normal item', 0, 49) => 'normal item -1 47'
args: ('normal item', 0, 50) => 'normal item -1 48'
args: ('normal item', 5, 0) => 'normal item 4 0'
args: ('normal item', 5, 1) => 'normal item 4 0'
args: ('normal item', 5, 49) => 'normal item 4 48'
args: ('normal item', 5, 50) => 'normal item 4 49'
args: ('normal item', 10, 0) => 'normal item 9 0'
args: ('normal item', 10, 1) => 'normal item 9 0'
args: ('normal item', 10, 49) => 'normal item 9 48'
args: ('normal item', 10, 50) => 'normal item 9 49'
args: ('normal item', 11, 0) => 'normal item 10 0'
args: ('normal item', 11, 1) => 'normal item 10 0'
args: ('normal item', 11, 49) => 'normal item 10 48'
args: ('normal item', 11, 50) => 'normal item 10 49'
args: ('Aged Brie', -1, 0) => 'Aged Brie -2 2'
args: ('Aged Brie', -1, 1) => 'Aged Brie -2 3'
args: ('Aged Brie', -1, 49) => 'Aged Brie -2 50'
args: ('Aged Brie', -1, 50) => 'Aged Brie -2 50'
args: ('Aged Brie', 0, 0) => 'Aged Brie -1 2'
args: ('Aged Brie', 0, 1) => 'Aged Brie -1 3'
args: ('Aged Brie', 0, 49) => 'Aged Brie -1 50'
args: ('Aged Brie', 0, 50) => 'Aged Brie -1 50'
args: ('Aged Brie', 5, 0) => 'Aged Brie 4 1'
args: ('Aged Brie', 5, 1) => 'Aged Brie 4 2'
args: ('Aged Brie', 5, 49) => 'Aged Brie 4 50'
args: ('Aged Brie', 5, 50) => 'Aged Brie 4 50'
args: ('Aged Brie', 10, 0) => 'Aged Brie 9 1'
args: ('Aged Brie', 10, 1) => 'Aged Brie 9 2'
args: ('Aged Brie', 10, 49) => 'Aged Brie 9 50'
args: ('Aged Brie', 10, 50) => 'Aged Brie 9 50'
args: ('Aged Brie', 11, 0) => 'Aged Brie 10 1'
args: ('Aged Brie', 11, 1) => 'Aged Brie 10 2'
args: ('Aged Brie', 11, 49) => 'Aged Brie 10 50'
args: ('Aged Brie', 11, 50) => 'Aged Brie 10 50'
args: ('Backstage passes to a TAFKAL80ETC concert', -1, 0) => 'Backstage passes to a TAFKAL80ETC concert -2 0'
args: ('Backstage passes to a TAFKAL80ETC concert', -1, 1) => 'Backstage passes to a TAFKAL80ETC concert -2 0'
args: ('Backstage passes to a TAFKAL80ETC concert', -1, 49) => 'Backstage passes to a TAFKAL80ETC concert -2 0'
args: ('Backstage passes to a TAFKAL80ETC concert', -1, 50) => 'Backstage passes to a TAFKAL80ETC concert -2 0'
args: ('Backstage passes to a TAFKAL80ETC concert', 0, 0) => 'Backstage passes to a TAFKAL80ETC concert -1 0'
args: ('Backstage passes to a TAFKAL80ETC concert', 0, 1) => 'Backstage passes to a TAFKAL80ETC concert -1 0'
args: ('Backstage passes to a TAFKAL80ETC concert', 0, 49) => 'Backstage passes to a TAFKAL80ETC concert -1 0'
args: ('Backstage passes to a TAFKAL80ETC concert', 0, 50) => 'Backstage passes to a TAFKAL80ETC concert -1 0'
args: ('Backstage passes to a TAFKAL80ETC concert', 5, 0) => 'Backstage passes to a TAFKAL80ETC concert 4 3'
args: ('Backstage passes to a TAFKAL80ETC concert', 5, 1) => 'Backstage passes to a TAFKAL80ETC concert 4 4'
args: ('Backstage passes to a TAFKAL80ETC concert', 5, 49) => 'Backstage passes to a TAFKAL80ETC concert 4 50'
args: ('Backstage passes to a TAFKAL80ETC concert', 5, 50) => 'Backstage passes to a TAFKAL80ETC concert 4 50'
args: ('Backstage passes to a TAFKAL80ETC concert', 10, 0) => 'Backstage passes to a TAFKAL80ETC concert 9 2'
args: ('Backstage passes to a TAFKAL80ETC concert', 10, 1) => 'Backstage passes to a TAFKAL80ETC concert 9 3'
args: ('Backstage passes to a TAFKAL80ETC concert', 10, 49) => 'Backstage passes to a TAFKAL80ETC concert 9 50'
args: ('Backstage passes to a TAFKAL80ETC concert', 10, 50) => 'Backstage passes to a TAFKAL80ETC concert 9 50'
args: ('Backstage passes to a TAFKAL80ETC concert', 11, 0) => 'Backstage passes to a TAFKAL80ETC concert 10 1'
args: ('Backstage passes to a TAFKAL80ETC concert', 11, 1) => 'Backstage passes to a TAFKAL80ETC concert 10 2'
args: ('Backstage passes to a TAFKAL80ETC concert', 11, 49) => 'Backstage passes to a TAFKAL80ETC concert 10 50'
args: ('Backstage passes to a TAFKAL80ETC concert', 11, 50) => 'Backstage passes to a TAFKAL80ETC concert 10 50'
